OK: canonical-workflow-invocation.png and editable draw.io source are in sync with canonical-workflow-invocation.drawio
OK: coordinator-internals-fig2.png and editable draw.io source are in sync with coordinator-internals-fig2.drawio
OK: coordinator-internals-fig3.png and editable draw.io source are in sync with coordinator-internals-fig3.drawio
OK: coordinator-internals-fig4.png and editable draw.io source are in sync with coordinator-internals-fig4.drawio
OK: git-integration-fig1.png and editable draw.io source are in sync with git-integration-fig1.drawio
OK: git-integration-fig2.png and editable draw.io source are in sync with git-integration-fig2.drawio
OK: memory-decisions-fig1.png and editable draw.io source are in sync with memory-decisions-fig1.drawio
OK: memory-decisions-fig2.png and editable draw.io source are in sync with memory-decisions-fig2.drawio
OK: memory-decisions-fig4.png and editable draw.io source are in sync with memory-decisions-fig4.drawio
OK: orchestration-fig10.png and editable draw.io source are in sync with orchestration-fig10.drawio
OK: orchestration-fig2.png and editable draw.io source are in sync with orchestration-fig2.drawio
OK: orchestration-fig3.png and editable draw.io source are in sync with orchestration-fig3.drawio
OK: orchestration-fig8.png and editable draw.io source are in sync with orchestration-fig8.drawio
OK: orchestration-fig9.png and editable draw.io source are in sync with orchestration-fig9.drawio
OK: resilient-assembly-review-fig1.png and editable draw.io source are in sync with resilient-assembly-review-fig1.drawio
OK: review-merge-fig1.png and editable draw.io source are in sync with review-merge-fig1.drawio
OK: review-merge-fig4.png and editable draw.io source are in sync with review-merge-fig4.drawio
OK: review-merge-fig5.png and editable draw.io source are in sync with review-merge-fig5.drawio
OK: team-casting-fig1.png and editable draw.io source are in sync with team-casting-fig1.drawio
OK: team-casting-fig2.png and editable draw.io source are in sync with team-casting-fig2.drawio
OK: team-casting-fig3.png and editable draw.io source are in sync with team-casting-fig3.drawio
OK: unified-steering-fig1.png and editable draw.io source are in sync with unified-steering-fig1.drawio
OK: workflow-engine-fig1.png and editable draw.io source are in sync with workflow-engine-fig1.drawio
OK: workflow-engine-fig11.png and editable draw.io source are in sync with workflow-engine-fig11.drawio
OK: workflow-engine-fig2.png and editable draw.io source are in sync with workflow-engine-fig2.drawio
OK: workflow-engine-fig4.png and editable draw.io source are in sync with workflow-engine-fig4.drawio
OK: workflow-engine-fig5.png and editable draw.io source are in sync with workflow-engine-fig5.drawio
OK: workflow-engine-fig9.png and editable draw.io source are in sync with workflow-engine-fig9.drawio
