
C:\Users\asabbour\Git\agentweaver\.worktrees\drawio-diagram-authoring\docs\diagrams\src\canonical-workflow-invocation.drawio -> C:\Users\asabbour\Git\agentweaver\.worktrees\drawio-diagram-authoring\docs\diagrams\canonical-workflow-invocation.png
Rendered canonical-workflow-invocation.png
Wrote canonical-workflow-invocation.hash.txt

C:\Users\asabbour\Git\agentweaver\.worktrees\drawio-diagram-authoring\docs\diagrams\src\coordinator-internals-fig2.drawio -> C:\Users\asabbour\Git\agentweaver\.worktrees\drawio-diagram-authoring\docs\diagrams\coordinator-internals-fig2.png
Rendered coordinator-internals-fig2.png
Wrote coordinator-internals-fig2.hash.txt

C:\Users\asabbour\Git\agentweaver\.worktrees\drawio-diagram-authoring\docs\diagrams\src\coordinator-internals-fig3.drawio -> C:\Users\asabbour\Git\agentweaver\.worktrees\drawio-diagram-authoring\docs\diagrams\coordinator-internals-fig3.png
Rendered coordinator-internals-fig3.png
Wrote coordinator-internals-fig3.hash.txt

C:\Users\asabbour\Git\agentweaver\.worktrees\drawio-diagram-authoring\docs\diagrams\src\coordinator-internals-fig4.drawio -> C:\Users\asabbour\Git\agentweaver\.worktrees\drawio-diagram-authoring\docs\diagrams\coordinator-internals-fig4.png
Rendered coordinator-internals-fig4.png
Wrote coordinator-internals-fig4.hash.txt

C:\Users\asabbour\Git\agentweaver\.worktrees\drawio-diagram-authoring\docs\diagrams\src\git-integration-fig1.drawio -> C:\Users\asabbour\Git\agentweaver\.worktrees\drawio-diagram-authoring\docs\diagrams\git-integration-fig1.png
Rendered git-integration-fig1.png
Wrote git-integration-fig1.hash.txt

C:\Users\asabbour\Git\agentweaver\.worktrees\drawio-diagram-authoring\docs\diagrams\src\git-integration-fig2.drawio -> C:\Users\asabbour\Git\agentweaver\.worktrees\drawio-diagram-authoring\docs\diagrams\git-integration-fig2.png
Rendered git-integration-fig2.png
Wrote git-integration-fig2.hash.txt

C:\Users\asabbour\Git\agentweaver\.worktrees\drawio-diagram-authoring\docs\diagrams\src\memory-decisions-fig1.drawio -> C:\Users\asabbour\Git\agentweaver\.worktrees\drawio-diagram-authoring\docs\diagrams\memory-decisions-fig1.png
Rendered memory-decisions-fig1.png
Wrote memory-decisions-fig1.hash.txt

C:\Users\asabbour\Git\agentweaver\.worktrees\drawio-diagram-authoring\docs\diagrams\src\memory-decisions-fig2.drawio -> C:\Users\asabbour\Git\agentweaver\.worktrees\drawio-diagram-authoring\docs\diagrams\memory-decisions-fig2.png
Rendered memory-decisions-fig2.png
Wrote memory-decisions-fig2.hash.txt

C:\Users\asabbour\Git\agentweaver\.worktrees\drawio-diagram-authoring\docs\diagrams\src\memory-decisions-fig4.drawio -> C:\Users\asabbour\Git\agentweaver\.worktrees\drawio-diagram-authoring\docs\diagrams\memory-decisions-fig4.png
Rendered memory-decisions-fig4.png
Wrote memory-decisions-fig4.hash.txt

C:\Users\asabbour\Git\agentweaver\.worktrees\drawio-diagram-authoring\docs\diagrams\src\orchestration-fig10.drawio -> C:\Users\asabbour\Git\agentweaver\.worktrees\drawio-diagram-authoring\docs\diagrams\orchestration-fig10.png
Rendered orchestration-fig10.png
Wrote orchestration-fig10.hash.txt

C:\Users\asabbour\Git\agentweaver\.worktrees\drawio-diagram-authoring\docs\diagrams\src\orchestration-fig2.drawio -> C:\Users\asabbour\Git\agentweaver\.worktrees\drawio-diagram-authoring\docs\diagrams\orchestration-fig2.png
Rendered orchestration-fig2.png
Wrote orchestration-fig2.hash.txt

C:\Users\asabbour\Git\agentweaver\.worktrees\drawio-diagram-authoring\docs\diagrams\src\orchestration-fig3.drawio -> C:\Users\asabbour\Git\agentweaver\.worktrees\drawio-diagram-authoring\docs\diagrams\orchestration-fig3.png
Rendered orchestration-fig3.png
Wrote orchestration-fig3.hash.txt

C:\Users\asabbour\Git\agentweaver\.worktrees\drawio-diagram-authoring\docs\diagrams\src\orchestration-fig8.drawio -> C:\Users\asabbour\Git\agentweaver\.worktrees\drawio-diagram-authoring\docs\diagrams\orchestration-fig8.png
Rendered orchestration-fig8.png
Wrote orchestration-fig8.hash.txt

C:\Users\asabbour\Git\agentweaver\.worktrees\drawio-diagram-authoring\docs\diagrams\src\orchestration-fig9.drawio -> C:\Users\asabbour\Git\agentweaver\.worktrees\drawio-diagram-authoring\docs\diagrams\orchestration-fig9.png
Rendered orchestration-fig9.png
Wrote orchestration-fig9.hash.txt

C:\Users\asabbour\Git\agentweaver\.worktrees\drawio-diagram-authoring\docs\diagrams\src\resilient-assembly-review-fig1.drawio -> C:\Users\asabbour\Git\agentweaver\.worktrees\drawio-diagram-authoring\docs\diagrams\resilient-assembly-review-fig1.png
Rendered resilient-assembly-review-fig1.png
Wrote resilient-assembly-review-fig1.hash.txt

C:\Users\asabbour\Git\agentweaver\.worktrees\drawio-diagram-authoring\docs\diagrams\src\review-merge-fig1.drawio -> C:\Users\asabbour\Git\agentweaver\.worktrees\drawio-diagram-authoring\docs\diagrams\review-merge-fig1.png
Rendered review-merge-fig1.png
Wrote review-merge-fig1.hash.txt

C:\Users\asabbour\Git\agentweaver\.worktrees\drawio-diagram-authoring\docs\diagrams\src\review-merge-fig4.drawio -> C:\Users\asabbour\Git\agentweaver\.worktrees\drawio-diagram-authoring\docs\diagrams\review-merge-fig4.png
Rendered review-merge-fig4.png
Wrote review-merge-fig4.hash.txt

C:\Users\asabbour\Git\agentweaver\.worktrees\drawio-diagram-authoring\docs\diagrams\src\review-merge-fig5.drawio -> C:\Users\asabbour\Git\agentweaver\.worktrees\drawio-diagram-authoring\docs\diagrams\review-merge-fig5.png
Rendered review-merge-fig5.png
Wrote review-merge-fig5.hash.txt

C:\Users\asabbour\Git\agentweaver\.worktrees\drawio-diagram-authoring\docs\diagrams\src\team-casting-fig1.drawio -> C:\Users\asabbour\Git\agentweaver\.worktrees\drawio-diagram-authoring\docs\diagrams\team-casting-fig1.png
Rendered team-casting-fig1.png
Wrote team-casting-fig1.hash.txt

C:\Users\asabbour\Git\agentweaver\.worktrees\drawio-diagram-authoring\docs\diagrams\src\team-casting-fig2.drawio -> C:\Users\asabbour\Git\agentweaver\.worktrees\drawio-diagram-authoring\docs\diagrams\team-casting-fig2.png
Rendered team-casting-fig2.png
Wrote team-casting-fig2.hash.txt

C:\Users\asabbour\Git\agentweaver\.worktrees\drawio-diagram-authoring\docs\diagrams\src\team-casting-fig3.drawio -> C:\Users\asabbour\Git\agentweaver\.worktrees\drawio-diagram-authoring\docs\diagrams\team-casting-fig3.png
Rendered team-casting-fig3.png
Wrote team-casting-fig3.hash.txt

C:\Users\asabbour\Git\agentweaver\.worktrees\drawio-diagram-authoring\docs\diagrams\src\unified-steering-fig1.drawio -> C:\Users\asabbour\Git\agentweaver\.worktrees\drawio-diagram-authoring\docs\diagrams\unified-steering-fig1.png
Rendered unified-steering-fig1.png
Wrote unified-steering-fig1.hash.txt

C:\Users\asabbour\Git\agentweaver\.worktrees\drawio-diagram-authoring\docs\diagrams\src\workflow-engine-fig1.drawio -> C:\Users\asabbour\Git\agentweaver\.worktrees\drawio-diagram-authoring\docs\diagrams\workflow-engine-fig1.png
Rendered workflow-engine-fig1.png
Wrote workflow-engine-fig1.hash.txt

C:\Users\asabbour\Git\agentweaver\.worktrees\drawio-diagram-authoring\docs\diagrams\src\workflow-engine-fig11.drawio -> C:\Users\asabbour\Git\agentweaver\.worktrees\drawio-diagram-authoring\docs\diagrams\workflow-engine-fig11.png
Rendered workflow-engine-fig11.png
Wrote workflow-engine-fig11.hash.txt

C:\Users\asabbour\Git\agentweaver\.worktrees\drawio-diagram-authoring\docs\diagrams\src\workflow-engine-fig2.drawio -> C:\Users\asabbour\Git\agentweaver\.worktrees\drawio-diagram-authoring\docs\diagrams\workflow-engine-fig2.png
Rendered workflow-engine-fig2.png
Wrote workflow-engine-fig2.hash.txt

C:\Users\asabbour\Git\agentweaver\.worktrees\drawio-diagram-authoring\docs\diagrams\src\workflow-engine-fig4.drawio -> C:\Users\asabbour\Git\agentweaver\.worktrees\drawio-diagram-authoring\docs\diagrams\workflow-engine-fig4.png
Rendered workflow-engine-fig4.png
Wrote workflow-engine-fig4.hash.txt

C:\Users\asabbour\Git\agentweaver\.worktrees\drawio-diagram-authoring\docs\diagrams\src\workflow-engine-fig5.drawio -> C:\Users\asabbour\Git\agentweaver\.worktrees\drawio-diagram-authoring\docs\diagrams\workflow-engine-fig5.png
Rendered workflow-engine-fig5.png
Wrote workflow-engine-fig5.hash.txt

C:\Users\asabbour\Git\agentweaver\.worktrees\drawio-diagram-authoring\docs\diagrams\src\workflow-engine-fig9.drawio -> C:\Users\asabbour\Git\agentweaver\.worktrees\drawio-diagram-authoring\docs\diagrams\workflow-engine-fig9.png
Rendered workflow-engine-fig9.png
Wrote workflow-engine-fig9.hash.txt
